2026-05-21 08:55:58,169 [INFO] Program has started and logging is configured
2026-05-21 08:55:58,177 [INFO] Starting to scrape 53 pages from https://books.toscrape.com.
2026-05-21 08:57:01,486 [WARNING] Failed to increment page. Could not find Next Button with the next page URL
2026-05-21 08:57:01,550 [WARNING] Failed to increment page. Could not find Next Button with the next page URL
2026-05-21 08:57:01,609 [WARNING] Failed to increment page. Could not find Next Button with the next page URL
2026-05-21 08:57:01,664 [ERROR] All attempts to increment page 50 have failed. Returning to main
2026-05-21 08:57:02,265 [WARNING] Attempt 1/3 to get soup of current page failed: Failed to get Response from SessionInvalid URL 'None': No scheme supplied. Perhaps you meant https://None?
2026-05-21 08:57:02,786 [WARNING] Attempt 2/3 to get soup of current page failed: Failed to get Response from SessionInvalid URL 'None': No scheme supplied. Perhaps you meant https://None?
2026-05-21 08:57:04,080 [WARNING] Attempt 3/3 to get soup of current page failed: Failed to get Response from SessionInvalid URL 'None': No scheme supplied. Perhaps you meant https://None?
2026-05-21 08:57:05,016 [WARNING] Failed to get soup at page 51. Failed to get soup after 3 attempts. 
2026-05-21 08:57:05,018 [INFO] Scrape completed smoothly
2026-05-21 08:57:05,073 [INFO] Workbook saved to ./output/outPutFileEXCEL.xlsx
2026-05-21 08:57:05,075 [INFO] End of program.
2026-05-21 09:00:58,656 [INFO] Program has started and logging is configured
2026-05-21 09:00:58,663 [INFO] Starting to scrape 3 pages from https://books.toscrape.com.
2026-05-21 09:01:01,731 [INFO] Scrape completed smoothly
2026-05-21 09:01:01,763 [INFO] Workbook saved to ./output/outPutFileEXCEL.xlsx
2026-05-21 09:01:01,765 [INFO] End of program.
2026-05-21 09:16:14,013 [INFO] Program has started and logging is configured
2026-05-21 09:16:14,310 [ERROR] Failed to access config: [Errno 2] No such file or directory: './config/config.json'
2026-05-21 09:16:14,313 [ERROR] Failed to access config: [Errno 2] No such file or directory: './config/config.json'
2026-05-21 09:16:14,313 [ERROR] Failed to access config: [Errno 2] No such file or directory: './config/config.json'
2026-05-21 09:16:14,314 [ERROR] Failed to access config: [Errno 2] No such file or directory: './config/config.json'
2026-05-21 09:16:14,314 [ERROR] Failed to access config: [Errno 2] No such file or directory: './config/config.json'
2026-05-21 09:16:14,314 [INFO] End of program.
2026-05-21 09:17:35,972 [INFO] Program has started and logging is configured
2026-05-21 09:17:36,355 [ERROR] Failed to access config: [Errno 2] No such file or directory: './config/config.json'
2026-05-21 09:17:36,357 [ERROR] Failed to access config: [Errno 2] No such file or directory: './config/config.json'
2026-05-21 09:17:36,357 [ERROR] Failed to access config: [Errno 2] No such file or directory: './config/config.json'
2026-05-21 09:17:36,358 [ERROR] Failed to access config: [Errno 2] No such file or directory: './config/config.json'
2026-05-21 09:17:36,358 [ERROR] Failed to access config: [Errno 2] No such file or directory: './config/config.json'
2026-05-21 09:17:36,358 [INFO] End of program.
2026-05-21 09:17:48,934 [INFO] Program has started and logging is configured
2026-05-21 09:17:49,135 [ERROR] Failed to access config: [Errno 2] No such file or directory: './config/config.json'
2026-05-21 09:17:49,135 [ERROR] Failed to access config: [Errno 2] No such file or directory: './config/config.json'
2026-05-21 09:17:49,135 [ERROR] Failed to access config: [Errno 2] No such file or directory: './config/config.json'
2026-05-21 09:17:49,135 [ERROR] Failed to access config: [Errno 2] No such file or directory: './config/config.json'
2026-05-21 09:17:49,136 [ERROR] Failed to access config: [Errno 2] No such file or directory: './config/config.json'
2026-05-21 09:17:49,136 [INFO] End of program.
2026-05-21 09:18:38,331 [INFO] Program has started and logging is configured
2026-05-21 09:18:38,547 [ERROR] Failed to access config: [Errno 2] No such file or directory: './config/config.json'
2026-05-21 09:18:38,548 [ERROR] Failed to access config: [Errno 2] No such file or directory: './config/config.json'
2026-05-21 09:18:38,548 [ERROR] Failed to access config: [Errno 2] No such file or directory: './config/config.json'
2026-05-21 09:18:38,548 [ERROR] Failed to access config: [Errno 2] No such file or directory: './config/config.json'
2026-05-21 09:18:38,548 [ERROR] Failed to access config: [Errno 2] No such file or directory: './config/config.json'
2026-05-21 09:18:38,548 [ERROR] Main() ran into an error: Failed to find config file.
2026-05-21 09:18:38,548 [INFO] End of program.
2026-05-21 09:19:11,296 [INFO] Program has started and logging is configured
2026-05-21 09:19:11,571 [ERROR] Failed to access config: [Errno 2] No such file or directory: './config/config.json'
2026-05-21 09:19:11,572 [ERROR] Failed to access config: [Errno 2] No such file or directory: './config/config.json'
2026-05-21 09:19:11,572 [ERROR] Failed to access config: [Errno 2] No such file or directory: './config/config.json'
2026-05-21 09:19:11,572 [ERROR] Failed to access config: [Errno 2] No such file or directory: './config/config.json'
2026-05-21 09:19:11,572 [ERROR] Failed to access config: [Errno 2] No such file or directory: './config/config.json'
2026-05-21 09:19:11,573 [ERROR] Main() ran into an error: Failed to find config file.
2026-05-21 09:19:14,573 [INFO] End of program.
